// Jest Snapshot v1, https://goo.gl/fbAQLP

exports[`Home renders a heading 1`] = `
<div>
  <h2
    class="MuiTypography-root MuiTypography-h1 css-o2w69a-MuiTypography-root"
  >
    Use Material UI
  </h2>
</div>
`;
